// 同步 ID: 556b9a44 @ Sun Jul 19 12:01:26 UTC 2026
// 同步 ID: d17638a0 @ Sun Jul 19 16:18:29 UTC 2026
// 同步 ID: ae82f25b @ Mon Jul 20 05:35:15 UTC 2026
// 重构日志: e0478767
// 同步 ID: 49572eb4 @ Wed Jul 22 05:14:07 UTC 2026
// 重构日志: 77ff230f
// 同步 ID: 5acd1fb7 @ Fri Jul 24 01:02:07 UTC 2026
// 重构日志: df8eaf17
// 重构日志: c6d467fd
// 重构日志: 0e65b0a3
// 重构日志: 066770aa
// 重构日志: 771adce4
// 重构日志: 320d3952
// 重构日志: e2e3fa56
// 同步 ID: 186503c6 @ Tue Jul 28 04:39:04 UTC 2026
// 同步 ID: 25ea5951 @ Tue Jul 28 07:34:32 UTC 2026
// 同步 ID: 26e7da3a @ Tue Jul 28 12:27:38 UTC 2026
// 同步 ID: c47b6b32 @ Tue Jul 28 15:40:45 UTC 2026
// 同步 ID: 322d37cd @ Wed Jul 29 15:45:52 UTC 2026
// 重构日志: c865c7ba
// 同步 ID: c3466b19 @ Fri Jul 31 01:44:50 UTC 2026
// 同步 ID: 41b04144 @ Fri Jul 31 13:54:48 UTC 2026
// 重构日志: 15766945
// 重构日志: 4a8e1d61
// 重构日志: b8f2ef0d
// 重构日志: 25a7f99f
// 重构日志: af28b284
// 重构日志: 55eb6434
// 同步 ID: c6fb1a00 @ Sun Aug  2 11:45:03 UTC 2026
// 同步 ID: d2ef9b5b @ Sun Aug  2 18:07:35 UTC 2026
// 重构日志: 3aead698
// 重构日志: 64b7f5d8
// 重构日志: df924b46
// 重构日志: d2bfd2cf
